Визначення проєктів для відновлення…
Усі проєкти успішно відновлено.

ToyPlanet.Core →
C:\Users\BRUHOWOZ\Desktop\ToyPlanet_Lab1_2\src\ToyPlanet.Core\bin\Debug\net7.0\ToyPlanet.Core.dll

ToyPlanet.Tests →
C:\Users\BRUHOWOZ\Desktop\ToyPlanet_Lab1_2\tests\ToyPlanet.Tests\bin\Debug\net10.0\ToyPlanet.Tests.dll

Тестовий запуск для:
C:\Users\BRUHOWOZ\Desktop\ToyPlanet_Lab1_2\tests\ToyPlanet.Tests\bin\Debug\net10.0\ToyPlanet.Tests.dll
(.NETCoreApp, Version=v10.0)

Версія VSTest: 18.0.1 (x64)

Запуск виконання тестів; зачекайте…

Загальна кількість тестових файлів (1), що відповідають заданому шаблону.

Увага! Перезапис файлу з результатами:
C:\Users\BRUHOWOZ\Desktop\ToyPlanet_Lab1_2\tests\ToyPlanet.Tests\TestResults\TestResults.trx

Файл результатів:
C:\Users\BRUHOWOZ\Desktop\ToyPlanet_Lab1_2\tests\ToyPlanet.Tests\TestResults\TestResults.trx

Результат тестування:

не пройдено — 0

пройдено — 6

пропущено — 0

усього — 6

тривалість — 15 мс